// Jest Snapshot v1, https://goo.gl/fbAQLP

exports[`<Observer /> component renders correctly 1`] = `
<div>
  <div
    class="Observer"
  />
</div>
`;
